// Jest Snapshot v1, https://goo.gl/fbAQLP

exports[`allDataForShow parser 1`] = `
{
  "players": [
    {
      "date": "2023/06/15",
      "player": "alex",
      "player_name": "ALEX",
      "show": "dVs7ORBHsF0",
      "show_name": "Sashimi, Kiran C2B, Israeli Ron & Mike X Play $10/20/40 - Commentary by Christian Soto",
    },
    {
      "date": "2023/06/15",
      "player": "c2b",
      "player_name": "C2B",
      "show": "dVs7ORBHsF0",
      "show_name": "Sashimi, Kiran C2B, Israeli Ron & Mike X Play $10/20/40 - Commentary by Christian Soto",
    },
    {
      "date": "2023/06/15",
      "player": "faizal",
      "player_name": "FAIZAL",
      "show": "dVs7ORBHsF0",
      "show_name": "Sashimi, Kiran C2B, Israeli Ron & Mike X Play $10/20/40 - Commentary by Christian Soto",
    },
    {
      "date": "2023/06/15",
      "player": "israeliron",
      "player_name": "ISRAELI RON",
      "show": "dVs7ORBHsF0",
      "show_name": "Sashimi, Kiran C2B, Israeli Ron & Mike X Play $10/20/40 - Commentary by Christian Soto",
    },
    {
      "date": "2023/06/15",
      "player": "johnny",
      "player_name": "JOHNNY",
      "show": "dVs7ORBHsF0",
      "show_name": "Sashimi, Kiran C2B, Israeli Ron & Mike X Play $10/20/40 - Commentary by Christian Soto",
    },
    {
      "date": "2023/06/15",
      "player": "mikex",
      "player_name": "MIKE X",
      "show": "dVs7ORBHsF0",
      "show_name": "Sashimi, Kiran C2B, Israeli Ron & Mike X Play $10/20/40 - Commentary by Christian Soto",
    },
    {
      "date": "2023/06/15",
      "player": "nick",
      "player_name": "NICK",
      "show": "dVs7ORBHsF0",
      "show_name": "Sashimi, Kiran C2B, Israeli Ron & Mike X Play $10/20/40 - Commentary by Christian Soto",
    },
    {
      "date": "2023/06/15",
      "player": "sashimi",
      "player_name": "SASHIMI",
      "show": "dVs7ORBHsF0",
      "show_name": "Sashimi, Kiran C2B, Israeli Ron & Mike X Play $10/20/40 - Commentary by Christian Soto",
    },
    {
      "date": "2023/06/15",
      "player": "tal",
      "player_name": "TAL",
      "show": "dVs7ORBHsF0",
      "show_name": "Sashimi, Kiran C2B, Israeli Ron & Mike X Play $10/20/40 - Commentary by Christian Soto",
    },
    {
      "date": "2023/06/15",
      "player": "wei",
      "player_name": "WEI",
      "show": "dVs7ORBHsF0",
      "show_name": "Sashimi, Kiran C2B, Israeli Ron & Mike X Play $10/20/40 - Commentary by Christian Soto",
    },
  ],
  "show": {
    "date": "2023/06/15",
    "duration": 20165,
    "id": "dVs7ORBHsF0",
    "operator": "hcl",
    "show_name": "Sashimi, Kiran C2B, Israeli Ron & Mike X Play $10/20/40 - Commentary by Christian Soto",
  },
  "stats": {
    "cc": [
      {
        "player": "alex",
        "player_name": "ALEX",
        "show": "dVs7ORBHsF0",
        "type": "cc",
        "value": 37360,
      },
      {
        "player": "c2b",
        "player_name": "C2B",
        "show": "dVs7ORBHsF0",
        "type": "cc",
        "value": 21390,
      },
      {
        "player": "faizal",
        "player_name": "FAIZAL",
        "show": "dVs7ORBHsF0",
        "type": "cc",
        "value": 17120,
      },
      {
        "player": "johnny",
        "player_name": "JOHNNY",
        "show": "dVs7ORBHsF0",
        "type": "cc",
        "value": 42480,
      },
      {
        "player": "mikex",
        "player_name": "MIKE X",
        "show": "dVs7ORBHsF0",
        "type": "cc",
        "value": 17160,
      },
      {
        "player": "nick",
        "player_name": "NICK",
        "show": "dVs7ORBHsF0",
        "type": "cc",
        "value": 24680,
      },
      {
        "player": "sashimi",
        "player_name": "SASHIMI",
        "show": "dVs7ORBHsF0",
        "type": "cc",
        "value": 34840,
      },
      {
        "player": "tal",
        "player_name": "TAL",
        "show": "dVs7ORBHsF0",
        "type": "cc",
        "value": 26410,
      },
      {
        "player": "wei",
        "player_name": "WEI",
        "show": "dVs7ORBHsF0",
        "type": "cc",
        "value": 8070,
      },
    ],
    "cw": [
      {
        "player": "alex",
        "player_name": "ALEX",
        "show": "dVs7ORBHsF0",
        "type": "cw",
        "value": 27530,
      },
      {
        "player": "c2b",
        "player_name": "C2B",
        "show": "dVs7ORBHsF0",
        "type": "cw",
        "value": 11760,
      },
      {
        "player": "faizal",
        "player_name": "FAIZAL",
        "show": "dVs7ORBHsF0",
        "type": "cw",
        "value": -5180,
      },
      {
        "player": "johnny",
        "player_name": "JOHNNY",
        "show": "dVs7ORBHsF0",
        "type": "cw",
        "value": 12480,
      },
      {
        "player": "mikex",
        "player_name": "MIKE X",
        "show": "dVs7ORBHsF0",
        "type": "cw",
        "value": -21840,
      },
      {
        "player": "nick",
        "player_name": "NICK",
        "show": "dVs7ORBHsF0",
        "type": "cw",
        "value": 5540,
      },
      {
        "player": "sashimi",
        "player_name": "SASHIMI",
        "show": "dVs7ORBHsF0",
        "type": "cw",
        "value": 5840,
      },
      {
        "player": "tal",
        "player_name": "TAL",
        "show": "dVs7ORBHsF0",
        "type": "cw",
        "value": -13560,
      },
      {
        "player": "wei",
        "player_name": "WEI",
        "show": "dVs7ORBHsF0",
        "type": "cw",
        "value": 2290,
      },
    ],
    "pfr": [
      {
        "player": "alex",
        "player_name": "ALEX",
        "show": "dVs7ORBHsF0",
        "type": "pfr",
        "value": 12,
      },
      {
        "player": "c2b",
        "player_name": "C2B",
        "show": "dVs7ORBHsF0",
        "type": "pfr",
        "value": 21,
      },
      {
        "player": "faizal",
        "player_name": "FAIZAL",
        "show": "dVs7ORBHsF0",
        "type": "pfr",
        "value": 14,
      },
      {
        "player": "israeliron",
        "player_name": "ISRAELI RON",
        "show": "dVs7ORBHsF0",
        "type": "pfr",
        "value": 15,
      },
      {
        "player": "johnny",
        "player_name": "JOHNNY",
        "show": "dVs7ORBHsF0",
        "type": "pfr",
        "value": 12,
      },
      {
        "player": "mikex",
        "player_name": "MIKE X",
        "show": "dVs7ORBHsF0",
        "type": "pfr",
        "value": 25,
      },
      {
        "player": "nick",
        "player_name": "NICK",
        "show": "dVs7ORBHsF0",
        "type": "pfr",
        "value": 11,
      },
      {
        "player": "sashimi",
        "player_name": "SASHIMI",
        "show": "dVs7ORBHsF0",
        "type": "pfr",
        "value": 20,
      },
      {
        "player": "tal",
        "player_name": "TAL",
        "show": "dVs7ORBHsF0",
        "type": "pfr",
        "value": 21,
      },
      {
        "player": "wei",
        "player_name": "WEI",
        "show": "dVs7ORBHsF0",
        "type": "pfr",
        "value": 18,
      },
    ],
    "vpip": [
      {
        "player": "alex",
        "player_name": "ALEX",
        "show": "dVs7ORBHsF0",
        "type": "vpip",
        "value": 35,
      },
      {
        "player": "c2b",
        "player_name": "C2B",
        "show": "dVs7ORBHsF0",
        "type": "vpip",
        "value": 31,
      },
      {
        "player": "faizal",
        "player_name": "FAIZAL",
        "show": "dVs7ORBHsF0",
        "type": "vpip",
        "value": 59,
      },
      {
        "player": "israeliron",
        "player_name": "ISRAELI RON",
        "show": "dVs7ORBHsF0",
        "type": "vpip",
        "value": 45,
      },
      {
        "player": "johnny",
        "player_name": "JOHNNY",
        "show": "dVs7ORBHsF0",
        "type": "vpip",
        "value": 43,
      },
      {
        "player": "mikex",
        "player_name": "MIKE X",
        "show": "dVs7ORBHsF0",
        "type": "vpip",
        "value": 44,
      },
      {
        "player": "nick",
        "player_name": "NICK",
        "show": "dVs7ORBHsF0",
        "type": "vpip",
        "value": 23,
      },
      {
        "player": "sashimi",
        "player_name": "SASHIMI",
        "show": "dVs7ORBHsF0",
        "type": "vpip",
        "value": 36,
      },
      {
        "player": "tal",
        "player_name": "TAL",
        "show": "dVs7ORBHsF0",
        "type": "vpip",
        "value": 35,
      },
      {
        "player": "wei",
        "player_name": "WEI",
        "show": "dVs7ORBHsF0",
        "type": "vpip",
        "value": 27,
      },
    ],
  },
}
`;
